// Vitest Snapshot v1, https://vitest.dev/guide/snapshot.html

exports[`call toDelta on detached text 1`] = `
[
  {
    "attributes": {
      "bold": true,
    },
    "insert": "Hello",
  },
]
`;

exports[`can diff two versions 1`] = `
[
  [
    "cid:root-text:Text",
    {
      "diff": [
        {
          "attributes": {
            "bold": true,
          },
          "insert": "Hello",
        },
      ],
      "type": "text",
    },
  ],
  [
    "cid:root-list:List",
    {
      "diff": [
        {
          "insert": [
            "item1",
          ],
        },
      ],
      "type": "list",
    },
  ],
  [
    "cid:root-map:Map",
    {
      "type": "map",
      "updated": {
        "key1": "value1",
        "key2": 42,
      },
    },
  ],
  [
    "cid:root-tree:Tree",
    {
      "diff": [
        {
          "action": "create",
          "fractionalIndex": "80",
          "index": 0,
          "parent": undefined,
          "target": "12@1",
        },
        {
          "action": "create",
          "fractionalIndex": "80",
          "index": 0,
          "parent": "12@1",
          "target": "13@1",
        },
      ],
      "type": "tree",
    },
  ],
]
`;

exports[`can diff two versions 2`] = `
{
  "list": [
    "item1",
  ],
  "map": {
    "key1": "value1",
    "key2": 42,
  },
  "text": "Hello",
  "tree": [
    {
      "children": [
        {
          "children": [],
          "fractional_index": "80",
          "id": "11@2",
          "index": 0,
          "meta": {},
          "parent": "10@2",
        },
      ],
      "fractional_index": "80",
      "id": "10@2",
      "index": 0,
      "meta": {},
      "parent": null,
    },
  ],
}
`;

exports[`the diff will deduplication 1`] = `
[
  [
    "cid:root-map:Map",
    {
      "type": "map",
      "updated": {
        "0": undefined,
        "1": undefined,
        "10": undefined,
        "11": undefined,
        "12": undefined,
        "13": undefined,
        "14": undefined,
        "15": undefined,
        "16": undefined,
        "17": undefined,
        "18": undefined,
        "19": undefined,
        "2": undefined,
        "20": undefined,
        "21": undefined,
        "22": undefined,
        "23": undefined,
        "24": undefined,
        "25": undefined,
        "26": undefined,
        "27": undefined,
        "28": undefined,
        "29": undefined,
        "3": undefined,
        "30": undefined,
        "31": undefined,
        "32": undefined,
        "33": undefined,
        "34": undefined,
        "35": undefined,
        "36": undefined,
        "37": undefined,
        "38": undefined,
        "39": undefined,
        "4": undefined,
        "40": undefined,
        "41": undefined,
        "42": undefined,
        "43": undefined,
        "44": undefined,
        "45": undefined,
        "46": undefined,
        "47": undefined,
        "48": undefined,
        "49": undefined,
        "5": undefined,
        "50": undefined,
        "51": undefined,
        "52": undefined,
        "53": undefined,
        "54": undefined,
        "55": undefined,
        "56": undefined,
        "57": undefined,
        "58": undefined,
        "59": undefined,
        "6": undefined,
        "60": undefined,
        "61": undefined,
        "62": undefined,
        "63": undefined,
        "64": undefined,
        "65": undefined,
        "66": undefined,
        "67": undefined,
        "68": undefined,
        "69": undefined,
        "7": undefined,
        "70": undefined,
        "71": undefined,
        "72": undefined,
        "73": undefined,
        "74": undefined,
        "75": undefined,
        "76": undefined,
        "77": undefined,
        "78": undefined,
        "79": undefined,
        "8": undefined,
        "80": undefined,
        "81": undefined,
        "82": undefined,
        "83": undefined,
        "84": undefined,
        "85": undefined,
        "86": undefined,
        "87": undefined,
        "88": undefined,
        "89": undefined,
        "9": undefined,
        "90": undefined,
        "91": undefined,
        "92": undefined,
        "93": undefined,
        "94": undefined,
        "95": undefined,
        "96": undefined,
        "97": undefined,
        "98": undefined,
        "99": undefined,
      },
    },
  ],
  [
    "cid:root-hi:Text",
    {
      "diff": [
        {
          "insert": "Hello",
        },
      ],
      "type": "text",
    },
  ],
]
`;
